DEAD-EXPORT	hooks/post-tool-compress.ts	rewriteToolResponse	extRefFiles=0	totalRefs=2
DEAD-EXPORT	tests/analyze-sessions.ts	parseSessionUsage	extRefFiles=0	totalRefs=2
DEAD-EXPORT	tests/analyze-sessions.ts	loadScenarioArm	extRefFiles=0	totalRefs=2
DEAD-EXPORT	tests/analyze-sessions.ts	compareUsage	extRefFiles=0	totalRefs=2
DEAD-EXPORT	tests/analyze-sessions.ts	SessionRecord	extRefFiles=0	totalRefs=1
DEAD-EXPORT	tests/analyze-sessions.ts	JsonlSource	extRefFiles=0	totalRefs=1
DEAD-EXPORT	tests/analyze-sessions.ts	SessionUsage	extRefFiles=0	totalRefs=1
DEAD-EXPORT	tests/analyze-sessions.ts	SessionFiles	extRefFiles=0	totalRefs=2
DEAD-EXPORT	src/codegraph/extract.ts	extractSymbols	extRefFiles=0	totalRefs=2
DEAD-EXPORT	src/codegraph/extract.ts	Definition	extRefFiles=0	totalRefs=1
DEAD-EXPORT	src/codegraph/extract.ts	ImportInfo	extRefFiles=0	totalRefs=1
DEAD-EXPORT	src/codegraph/extract.ts	CallInfo	extRefFiles=0	totalRefs=1
DEAD-EXPORT	src/codegraph/extract.ts	ExtractResult	extRefFiles=0	totalRefs=1
DEAD-EXPORT	src/codegraph/graph.ts	indexCode	extRefFiles=0	totalRefs=1
DEAD-EXPORT	src/codegraph/graph.ts	retrieveCodeMap	extRefFiles=0	totalRefs=2
DEAD-EXPORT	src/codegraph/graph.ts	retrieveSymbol	extRefFiles=0	totalRefs=2
DEAD-EXPORT	src/codegraph/graph.ts	retrieveRefs	extRefFiles=0	totalRefs=2
DEAD-EXPORT	src/codegraph/graph.ts	GraphResult	extRefFiles=0	totalRefs=1
DEAD-EXPORT	src/codegraph/languages.ts	langForExt	extRefFiles=0	totalRefs=2
DEAD-EXPORT	src/codegraph/languages.ts	resolveImportPath	extRefFiles=0	totalRefs=2
DEAD-EXPORT	src/codegraph/languages.ts	CODE_LANGS	extRefFiles=0	totalRefs=1
DEAD-EXPORT	src/codegraph/languages.ts	CodeLang	extRefFiles=0	totalRefs=3
DEAD-EXPORT	src/compress/format-strip.ts	formatStripCompress	extRefFiles=0	totalRefs=5
DEAD-EXPORT	src/compress/format-strip.ts	formatStripDecompress	extRefFiles=0	totalRefs=3
DEAD-EXPORT	src/compress/format-strip.ts	normalizeForCompare	extRefFiles=0	totalRefs=2
DEAD-EXPORT	src/compress/format-strip.ts	FormatStripOptions	extRefFiles=0	totalRefs=1
DEAD-EXPORT	src/compress/generic-preview.ts	genericPreviewCompress	extRefFiles=0	totalRefs=3
DEAD-EXPORT	src/compress/generic-preview.ts	genericPreviewDecompress	extRefFiles=0	totalRefs=3
DEAD-EXPORT	src/compress/generic-preview.ts	GenericPreviewOptions	extRefFiles=0	totalRefs=1
DEAD-EXPORT	src/compress/index.ts	compress	extRefFiles=0	totalRefs=4
DEAD-EXPORT	src/compress/index.ts	roundTripEqual	extRefFiles=0	totalRefs=3
DEAD-EXPORT	src/compress/index.ts	snipCompress	extRefFiles=0	totalRefs=3
DEAD-EXPORT	src/compress/index.ts	snipDecompress	extRefFiles=0	totalRefs=3
DEAD-EXPORT	src/compress/index.ts	retrieveSnippet	extRefFiles=0	totalRefs=2
DEAD-EXPORT	src/compress/index.ts	formatStripCompress	extRefFiles=0	totalRefs=5
DEAD-EXPORT	src/compress/index.ts	formatStripDecompress	extRefFiles=0	totalRefs=3
DEAD-EXPORT	src/compress/index.ts	normalizeForCompare	extRefFiles=0	totalRefs=2
DEAD-EXPORT	src/compress/index.ts	structuredDigestCompress	extRefFiles=0	totalRefs=5
DEAD-EXPORT	src/compress/index.ts	structuredDigestDecompress	extRefFiles=0	totalRefs=3
DEAD-EXPORT	src/compress/index.ts	genericPreviewCompress	extRefFiles=0	totalRefs=3
DEAD-EXPORT	src/compress/index.ts	genericPreviewDecompress	extRefFiles=0	totalRefs=3
DEAD-EXPORT	src/compress/index.ts	CompressOptions	extRefFiles=0	totalRefs=2
DEAD-EXPORT	src/compress/snip.ts	retrieveSnippet	extRefFiles=0	totalRefs=2
DEAD-EXPORT	src/compress/snip.ts	snipCompress	extRefFiles=0	totalRefs=3
DEAD-EXPORT	src/compress/snip.ts	snipDecompress	extRefFiles=0	totalRefs=3
DEAD-EXPORT	src/compress/snip.ts	SnipOptions	extRefFiles=0	totalRefs=1
DEAD-EXPORT	src/compress/structured-digest.ts	structuredDigestCompress	extRefFiles=0	totalRefs=5
DEAD-EXPORT	src/compress/structured-digest.ts	structuredDigestDecompress	extRefFiles=0	totalRefs=3
DEAD-EXPORT	src/compress/structured-digest.ts	DigestOptions	extRefFiles=0	totalRefs=1
DEAD-EXPORT	src/core/classifier.ts	classify	extRefFiles=0	totalRefs=5
DEAD-EXPORT	src/core/classifier.ts	ClassifyInput	extRefFiles=0	totalRefs=2
DEAD-EXPORT	src/core/classifier.ts	ClassifyResult	extRefFiles=0	totalRefs=1
DEAD-EXPORT	src/core/decision-log.ts	DecisionRecord	extRefFiles=0	totalRefs=1
DEAD-EXPORT	src/core/decision-log.ts	decisionLog	extRefFiles=0	totalRefs=2
DEAD-EXPORT	src/core/dispatcher.ts	dispatch	extRefFiles=0	totalRefs=1
DEAD-EXPORT	src/core/dispatcher.ts	DispatchResult	extRefFiles=0	totalRefs=1
DEAD-EXPORT	src/core/ext-filter.ts	extFilter	extRefFiles=0	totalRefs=2
DEAD-EXPORT	src/core/ext-filter.ts	ExtFilterResult	extRefFiles=0	totalRefs=1
DEAD-EXPORT	src/core/tool-output.ts	planOutput	extRefFiles=0	totalRefs=3
DEAD-EXPORT	src/core/tool-output.ts	MIN_CHARS	extRefFiles=0	totalRefs=1
DEAD-EXPORT	src/core/tool-output.ts	MIN_SAVED_CHARS	extRefFiles=0	totalRefs=1
DEAD-EXPORT	src/core/tool-output.ts	MIN_SAVED_RATIO	extRefFiles=0	totalRefs=1
DEAD-EXPORT	src/core/tool-output.ts	OutputMeta	extRefFiles=0	totalRefs=2
DEAD-EXPORT	src/core/types.ts	ContentType	extRefFiles=0	totalRefs=5
DEAD-EXPORT	src/core/types.ts	Compressed	extRefFiles=0	totalRefs=6
DEAD-EXPORT	src/core/types.ts	Snippet	extRefFiles=0	totalRefs=2
DEAD-EXPORT	src/store/db.ts	OriginalRecord	extRefFiles=0	totalRefs=2
DEAD-EXPORT	src/store/db.ts	SearchHit	extRefFiles=0	totalRefs=2
DEAD-EXPORT	src/store/db.ts	SymbolRecord	extRefFiles=0	totalRefs=2
DEAD-EXPORT	src/store/db.ts	RefRecord	extRefFiles=0	totalRefs=2
DEAD-EXPORT	src/store/db.ts	MetricInput	extRefFiles=0	totalRefs=3
DEAD-EXPORT	src/store/db.ts	MetricSummary	extRefFiles=0	totalRefs=2
DEAD-EXPORT	src/store/db.ts	SessionStat	extRefFiles=0	totalRefs=1
DEAD-EXPORT	src/store/db.ts	MetricRecord	extRefFiles=0	totalRefs=1
DEAD-EXPORT	src/store/db.ts	store	extRefFiles=0	totalRefs=7
DEAD-EXPORT	src/store/index.ts	store	extRefFiles=0	totalRefs=7
DEAD-EXPORT	src/store/index.ts	OriginalRecord	extRefFiles=0	totalRefs=2
DEAD-EXPORT	src/store/index.ts	SearchHit	extRefFiles=0	totalRefs=2
DEAD-EXPORT	src/store/index.ts	MetricInput	extRefFiles=0	totalRefs=3
DEAD-EXPORT	src/store/index.ts	MetricSummary	extRefFiles=0	totalRefs=2
DONE
